// Jest Snapshot v1, https://goo.gl/fbAQLP

exports[`Card renders successfully 1`] = `
<View>
  <View
    style={
      Object {
        "alignItems": "center",
        "flexDirection": "row",
        "height": 50,
        "paddingHorizontal": 10,
      }
    }
  >
    <View
      style={
        Array [
          Object {
            "alignItems": "center",
            "justifyContent": "center",
          },
          Object {
            "backgroundColor": "#0b0b9e",
            "borderRadius": 17.5,
            "height": 35,
            "width": 35,
          },
        ]
      }
    >
      <Text
        style={
          Object {
            "color": "white",
          }
        }
      >
        FL
      </Text>
    </View>
    <Text
      numberOfLines={1}
      style={
        Object {
          "flex": 1,
          "marginHorizontal": 6,
        }
      }
    >
      First Last
    </Text>
    <View
      accessible={true}
      collapsable={false}
      focusable={true}
      onClick={[Function]}
      onResponderGrant={[Function]}
      onResponderMove={[Function]}
      onResponderRelease={[Function]}
      onResponderTerminate={[Function]}
      onResponderTerminationRequest={[Function]}
      onStartShouldSetResponder={[Function]}
      style={
        Object {
          "opacity": 1,
        }
      }
    >
      <Text
        numberOfLines={1}
      >
        Comments
      </Text>
    </View>
  </View>
  <Image
    source={
      Object {
        "uri": "https://unsplash.it/600/600",
      }
    }
    style={
      Object {
        "aspectRatio": 1,
        "backgroundColor": "rgba(0, 0, 0, 0.02)",
      }
    }
  />
</View>
`;
