// Jest Snapshot v1, https://goo.gl/fbAQLP

exports[`App renders successfully 1`] = `
<View
  style={
    Object {
      "backgroundColor": "#fff",
      "flex": 1,
      "marginTop": 20,
    }
  }
>
  <View
    style={
      Array [
        Object {
          "alignItems": "center",
          "justifyContent": "center",
        },
        Object {
          "backgroundColor": "teal",
          "borderRadius": 17.5,
          "height": 35,
          "width": 35,
        },
      ]
    }
  >
    <Text
      style={
        Object {
          "color": "white",
        }
      }
    >
      FL
    </Text>
  </View>
</View>
`;
